R /Users/strager

# Don't back up the backups.
! /Users/strager/.cache/borg
! /Users/strager/borg-backups

# Conserve space.
! /Users/strager/.cache/duplicity
! /Users/strager/.cache/nix
! /Users/strager/.cache/nix-review
! /Users/strager/.cache/nixpkgs-review
! /Users/strager/.rustup
! /Users/strager/Applications/Xcode*.app
! /Users/strager/Library/Application Support/Bitcoin/blocks
! /Users/strager/Library/Application Support/Bitcoin/chainstate
! /Users/strager/Library/Application Support/Microsoft/Skype for Desktop/Cache
! /Users/strager/Library/Application Support/Microsoft/Skype for Desktop/GPUCache
! /Users/strager/Library/Application Support/ZeroNet/data/1*
! /Users/strager/Library/Application Support/iStat Menus/databases/iStatMenusStatus.db
! /Users/strager/Library/Application Support/lbry/Cache
! /Users/strager/Library/Application Support/lbry/Downloads
! /Users/strager/Library/Application Support/lbry/blobfiles
! /Users/strager/Library/Caches
! /Users/strager/Saved Downloads
! /Users/strager/duplicity-backups

# Conserve space deliberately.
! /Users/strager/nobackup
! /Users/strager/tmp/nobackup
